run -all
restart -f
run -all
# GetModuleFileName: The specified module could not be found.
# 
# 
# PASSED| 0 0  0  0  | 0 0 0 0 0 0 0 0 |
# PASSED| 0 0  0  1  | 0 0 0 0 0 0 0 0 |
# PASSED| 0 0  1  0  | 0 0 0 0 0 0 0 0 |
# PASSED| 0 0  1  1  | 0 0 0 0 0 0 0 0 |
# PASSED| 0 1  0  0  | 0 0 0 0 0 0 0 0 |
# PASSED| 0 1  0  1  | 0 0 0 0 0 0 0 0 |
# PASSED| 0 1  1  0  | 0 0 0 0 0 0 0 0 |
# PASSED| 0 1  1  1  | 0 0 0 0 0 0 0 0 |
# PASSED| 1 0  0  0  | 0 0 0 0 0 0 0 1 |
# PASSED| 1 0  0  1  | 0 0 0 0 0 0 1 0 |
# PASSED| 1 0  1  0  | 0 0 0 0 0 1 0 0 |
# PASSED| 1 0  1  1  | 0 0 0 0 1 0 0 0 |
# PASSED| 1 1  0  0  | 0 0 0 1 0 0 0 0 |
# PASSED| 1 1  0  1  | 0 0 1 0 0 0 0 0 |
# PASSED| 1 1  1  0  | 0 1 0 0 0 0 0 0 |
# PASSED| 1 1  1  1  | 1 0 0 0 0 0 0 0 |
# Compile of decoder.v was successful.
# Error opening F:/Circuit_Design/circuit-design-journey/PhaseI/mux421.v
# Path name 'F:/Circuit_Design/circuit-design-journey/PhaseI/mux421.v' doesn't exist.
# Error opening F:/Circuit_Design/circuit-design-journey/PhaseI/mux421.v
# Path name 'F:/Circuit_Design/circuit-design-journey/PhaseI/mux421.v' doesn't exist.
# Error opening F:/Circuit_Design/circuit-design-journey/PhaseI/mux421.v
# Path name 'F:/Circuit_Design/circuit-design-journey/PhaseI/mux421.v' doesn't exist.
# Error opening F:/Circuit_Design/circuit-design-journey/PhaseI/mux421.v
# Path name 'F:/Circuit_Design/circuit-design-journey/PhaseI/mux421.v' doesn't exist.
# Error opening F:/Circuit_Design/circuit-design-journey/PhaseI/mux421.v
# Path name 'F:/Circuit_Design/circuit-design-journey/PhaseI/mux421.v' doesn't exist.
# Error opening F:/Circuit_Design/circuit-design-journey/PhaseI/mux421.v
# Path name 'F:/Circuit_Design/circuit-design-journey/PhaseI/mux421.v' doesn't exist.
# Error opening F:/Circuit_Design/circuit-design-journey/PhaseI/mux421.v
# Path name 'F:/Circuit_Design/circuit-design-journey/PhaseI/mux421.v' doesn't exist.
# Error opening F:/Circuit_Design/circuit-design-journey/PhaseI/mux421.v
# Path name 'F:/Circuit_Design/circuit-design-journey/PhaseI/mux421.v' doesn't exist.
# Error opening F:/Circuit_Design/circuit-design-journey/PhaseI/mux421.v
# Path name 'F:/Circuit_Design/circuit-design-journey/PhaseI/mux421.v' doesn't exist.
# Error opening F:/Circuit_Design/circuit-design-journey/PhaseI/mux421.v
# Path name 'F:/Circuit_Design/circuit-design-journey/PhaseI/mux421.v' doesn't exist.
# Error opening F:/Circuit_Design/circuit-design-journey/PhaseI/mux421.v
# Path name 'F:/Circuit_Design/circuit-design-journey/PhaseI/mux421.v' doesn't exist.
# Error opening F:/Circuit_Design/circuit-design-journey/PhaseI/mux421.v
# Path name 'F:/Circuit_Design/circuit-design-journey/PhaseI/mux421.v' doesn't exist.
# Error opening F:/Circuit_Design/circuit-design-journey/PhaseI/mux421.v
# Path name 'F:/Circuit_Design/circuit-design-journey/PhaseI/mux421.v' doesn't exist.
# Compile of decoder.v was successful.
# Compile of demultiplexer124.v was successful.
# Compile of encoder.v was successful.
# Compile of mux421.v was successful.
# 4 compiles, 0 failed with no errors.
# Compile of mux421.v failed with 1 errors.
# Compile of mux421.v failed with 1 errors.
# Compile of mux421.v failed with 1 errors.
# Compile of mux421.v was successful.
vsim -gui work.tb_mux421
# End time: 17:08:19 on Sep 04,2026, Elapsed time: 0:18:30
# Errors: 0, Warnings: 7
# vsim -gui work.tb_mux421 
# Start time: 17:08:19 on Sep 04,2026
# Loading work.tb_mux421
# Loading work.mux421
transcript file ../p1-011-script-simulation-automation/mux421.log
